// Vitest Snapshot v1

exports[`suite > snap shot matches 1`] = `
{
  "baseElement": <body>
    <div>
      <div
        class="flex flex-col bg-gray-900 min-h-screen"
      >
        <div
          class="h-52 w-full bg-desktop-light absolute"
        />
        <div
          class="w-4/5 sm:w-2/3 md:w-2/4 mx-auto py-4 z-10"
        >
          <div
            class="flex justify-between items-center"
          >
            <h1
              class="text-white text-3xl font-bold my-6"
            >
              TODO
            </h1>
            <img
              alt=""
              class="h-6 w-6"
              src="/src/assets/images/ICON-SUN.SVG"
            />
          </div>
          <input
            class="form-control block w-full mx-auto my-1 px-3 py-4 text-base font-normal text-white bg-gray-800 bg-clip-padding rounded transition ease-in-out m-0 focus:text-white focus:bg-gray-800 focus:border-blue-600 focus:outline-none"
            id="todoInput"
            placeholder="Create a new todo..."
            type="text"
          />
          <section
            class="w-full mx-auto my-5 divide-y divide-gray-600"
          >
            <div>
              
              
              <div
                class="flex justify-between items-center py-4 px-2 text-white bg-gray-800 text-gray-400 rounded-b text-xs font-semibold"
              >
                <p
                  id="itemsLeft"
                >
                  0 items left
                </p>
                <div
                  class="flex space-x-2"
                >
                  <p
                    class="cursor-pointer hover:text-white text-blue-400"
                  >
                     All
                  </p>
                  <p
                    class="cursor-pointer hover:text-white hover:scale-105"
                  >
                    Active
                  </p>
                  <p
                    class="cursor-pointer hover:text-white"
                  >
                    Completed
                  </p>
                </div>
                <p
                  class="cursor-pointer hover:text-gray-100"
                >
                  Clear Completed
                </p>
              </div>
            </div>
          </section>
        </div>
      </div>
    </div>
  </body>,
  "container": <div>
    <div
      class="flex flex-col bg-gray-900 min-h-screen"
    >
      <div
        class="h-52 w-full bg-desktop-light absolute"
      />
      <div
        class="w-4/5 sm:w-2/3 md:w-2/4 mx-auto py-4 z-10"
      >
        <div
          class="flex justify-between items-center"
        >
          <h1
            class="text-white text-3xl font-bold my-6"
          >
            TODO
          </h1>
          <img
            alt=""
            class="h-6 w-6"
            src="/src/assets/images/ICON-SUN.SVG"
          />
        </div>
        <input
          class="form-control block w-full mx-auto my-1 px-3 py-4 text-base font-normal text-white bg-gray-800 bg-clip-padding rounded transition ease-in-out m-0 focus:text-white focus:bg-gray-800 focus:border-blue-600 focus:outline-none"
          id="todoInput"
          placeholder="Create a new todo..."
          type="text"
        />
        <section
          class="w-full mx-auto my-5 divide-y divide-gray-600"
        >
          <div>
            
            
            <div
              class="flex justify-between items-center py-4 px-2 text-white bg-gray-800 text-gray-400 rounded-b text-xs font-semibold"
            >
              <p
                id="itemsLeft"
              >
                0 items left
              </p>
              <div
                class="flex space-x-2"
              >
                <p
                  class="cursor-pointer hover:text-white text-blue-400"
                >
                   All
                </p>
                <p
                  class="cursor-pointer hover:text-white hover:scale-105"
                >
                  Active
                </p>
                <p
                  class="cursor-pointer hover:text-white"
                >
                  Completed
                </p>
              </div>
              <p
                class="cursor-pointer hover:text-gray-100"
              >
                Clear Completed
              </p>
            </div>
          </div>
        </section>
      </div>
    </div>
  </div>,
  "debug": [Function],
  "emitted": [Function],
  "findAllByAltText": [Function],
  "findAllByDisplayValue": [Function],
  "findAllByLabelText": [Function],
  "findAllByPlaceholderText": [Function],
  "findAllByRole": [Function],
  "findAllByTestId": [Function],
  "findAllByText": [Function],
  "findAllByTitle": [Function],
  "findByAltText": [Function],
  "findByDisplayValue": [Function],
  "findByLabelText": [Function],
  "findByPlaceholderText": [Function],
  "findByRole": [Function],
  "findByTestId": [Function],
  "findByText": [Function],
  "findByTitle": [Function],
  "getAllByAltText": [Function],
  "getAllByDisplayValue": [Function],
  "getAllByLabelText": [Function],
  "getAllByPlaceholderText": [Function],
  "getAllByRole": [Function],
  "getAllByTestId": [Function],
  "getAllByText": [Function],
  "getAllByTitle": [Function],
  "getByAltText": [Function],
  "getByDisplayValue": [Function],
  "getByLabelText": [Function],
  "getByPlaceholderText": [Function],
  "getByRole": [Function],
  "getByTestId": [Function],
  "getByText": [Function],
  "getByTitle": [Function],
  "html": [Function],
  "queryAllByAltText": [Function],
  "queryAllByDisplayValue": [Function],
  "queryAllByLabelText": [Function],
  "queryAllByPlaceholderText": [Function],
  "queryAllByRole": [Function],
  "queryAllByTestId": [Function],
  "queryAllByText": [Function],
  "queryAllByTitle": [Function],
  "queryByAltText": [Function],
  "queryByDisplayValue": [Function],
  "queryByLabelText": [Function],
  "queryByPlaceholderText": [Function],
  "queryByRole": [Function],
  "queryByTestId": [Function],
  "queryByText": [Function],
  "queryByTitle": [Function],
  "rerender": [Function],
  "unmount": [Function],
}
`;
